// Jest Snapshot v1, https://goo.gl/fbAQLP

exports[`src/Core plugins should not be able to add a plugin that has no id 1`] = `"Your plugin must have an id"`;

exports[`src/Core plugins should not be able to add a plugin that has no type 1`] = `"Your plugin must have a type"`;

exports[`src/Core plugins should not be able to add an invalid plugin 1`] = `"Expected a plugin class, but got object. Please verify that the plugin was imported and spelled correctly."`;

exports[`src/Core plugins should prevent the same plugin from being added more than once 1`] = `
"Already found a plugin named 'TestSelector1'.
        Tried to use: 'TestSelector1'.
        Uppy is currently limited to running one of every plugin.
        Share your use case with us over at
        https://github.com/transloadit/uppy/issues/
        if you want us to reconsider."
`;

exports[`src/Core uploading a file should only upload files that are not already assigned to another upload id 1`] = `
Object {
  "failed": Array [],
  "successful": Array [
    Object {
      "data": Uint8Array [],
      "extension": "jpg",
      "id": "uppy-foojpg-image/jpeg",
      "isRemote": false,
      "meta": Object {
        "name": "foo.jpg",
        "type": null,
      },
      "name": "foo.jpg",
      "preview": undefined,
      "progress": Object {
        "bytesTotal": 0,
        "bytesUploaded": 0,
        "percentage": 0,
        "uploadComplete": false,
        "uploadStarted": false,
      },
      "remote": "",
      "size": 0,
      "source": "jest",
      "type": null,
    },
    Object {
      "data": Uint8Array [],
      "extension": "jpg",
      "id": "uppy-barjpg-image/jpeg",
      "isRemote": false,
      "meta": Object {
        "name": "bar.jpg",
        "type": null,
      },
      "name": "bar.jpg",
      "preview": undefined,
      "progress": Object {
        "bytesTotal": 0,
        "bytesUploaded": 0,
        "percentage": 0,
        "uploadComplete": false,
        "uploadStarted": false,
      },
      "remote": "",
      "size": 0,
      "source": "jest",
      "type": null,
    },
  ],
  "uploadID": "cjd09gwxb000dfsla2urwbks3",
}
`;
